// Jest Snapshot v1, https://goo.gl/fbAQLP

exports[`TagGroup when data is null, render correctly 1`] = `<TagGroup />`;
