// Jest Snapshot v1, https://goo.gl/fbAQLP

exports[`TagGroup render correctly 1`] = `<TagGroup />`;
