// Jest Snapshot v1, https://goo.gl/fbAQLP

exports[`go should call ReactDOM.render 1`] = `[Function]`;
